// Vitest Snapshot v1, https://vitest.dev/guide/snapshot.html

exports[`Header > should match snapshot 1`] = `
"<header class="shadow bg-white">
  <div class="container mx-auto p-4 flex justify-between items-center flex-col md:flex-row gap-4">
    <h1 class="text-gray-800 font-semibold">Sports Leagues</h1>
    <div class="flex gap-4 justify-between"><input type="text" placeholder="Search..."><button>Filter</button></div>
  </div>
</header>"
`;
