// Vitest Snapshot v1, https://vitest.dev/guide/snapshot.html

exports[`LeaguesFilters > should match snapshot 1`] = `
"<div class="relative flex-1">
  <div class="relative"><input placeholder="Search by name" type="text" class="px-4 py-2 pr-10 text-sm font-medium text-gray-700 bg-white border border-gray-300 rounded-md focus:outline-none focus:ring-2 focus:ring-blue-500 focus:border-transparent w-full">
    <div class="absolute inset-y-0 right-0 flex items-center pr-3 pointer-events-none"><svg class="w-4 h-4 text-gray-400" fill="none" stroke="currentColor" viewBox="0 0 24 24" xmlns="http://www.w3.org/2000/svg">
        <path stroke-linecap="round" stroke-linejoin="round" stroke-width="2" d="M21 21l-6-6m2-5a7 7 0 11-14 0 7 7 0 0114 0z"></path>
      </svg>
      <!--v-if-->
    </div>
  </div>
</div>
<div class="relative"><button class="flex items-center gap-2 px-4 py-2 text-sm font-medium text-gray-700 bg-white border border-gray-300 rounded-md hover:bg-gray-50 focus:outline-none focus:ring-2 focus:ring-blue-500 focus:border-transparent">All Sports <svg class="w-4 h-4 transition-transform duration-200" fill="none" stroke="currentColor" viewBox="0 0 24 24" xmlns="http://www.w3.org/2000/svg">
      <path stroke-linecap="round" stroke-linejoin="round" stroke-width="2" d="M19 9l-7 7-7-7"></path>
    </svg></button>
  <div class="absolute right-0 mt-1 w-40 bg-white border border-gray-300 rounded-md shadow-lg z-10" style="display: none;">
    <div class="py-1"><button class="block w-full px-4 py-2 text-sm text-left text-gray-700 hover:bg-gray-100 bg-blue-50 text-blue-700">All Sports</button></div>
  </div>
</div>"
`;
