// Vitest Snapshot v1, https://vitest.dev/guide/snapshot.html

exports[`LeagueCardSkeleton > should match snapshot 1`] = `
"<div class="bg-white rounded-lg border border-gray-200 shadow hover:shadow-md transition-shadow duration-200 p-6">
  <div class="animate-pulse">
    <div class="h-6 bg-gray-200 rounded-md mb-3 w-3/4"></div>
    <div class="h-4 bg-gray-200 rounded-md mb-2 w-1/2"></div>
    <div class="h-5 bg-gray-200 rounded-full w-16"></div>
  </div>
</div>"
`;
